pytest>=7.4.0
pytest-django>=4.5.2
pytest-cov>=4.1.0
pytest-mock>=3.11.1
pytest-asyncio>=0.21.0
factory-boy>=3.3.0
faker>=19.3.0
